// Jest Snapshot v1, https://goo.gl/fbAQLP

exports[`<MyPage /> MyPage Component should render correctly 1`] = `
<div
  className="MyPage"
>
  <Segment
    padded={true}
  >
    <Container>
      <Header
        as="h2"
      >
        Opiskelija
        , 
        Maarit Mirja
      </Header>
      <Table
        as="table"
        color="blue"
        singleLine={true}
        style={
          Object {
            "color": "grey",
          }
        }
        textAlign="left"
      >
        <TableBody
          as="tbody"
        >
          <TableRow
            as="tr"
            cellAs="td"
          >
            <TableCell
              as="td"
            >
              <Icon
                as="i"
                name="user"
                size="big"
                style={
                  Object {
                    "marginRight": 20,
                  }
                }
              />
              <em
                style={
                  Object {
                    "color": "grey",
                  }
                }
              >
                tiraopiskelija1
                 
              </em>
              <br />
            </TableCell>
            <TableCell
              as="td"
            />
          </TableRow>
          <TableRow
            as="tr"
            cellAs="td"
          >
            <TableCell
              as="td"
            >
              <Icon
                as="i"
                name="id card outline"
                size="big"
                style={
                  Object {
                    "marginRight": 20,
                  }
                }
              />
              014578343
              <br />
            </TableCell>
            <TableCell
              as="td"
            />
          </TableRow>
          <TableRow
            as="tr"
            cellAs="td"
          >
            <TableCell
              as="td"
            >
              <Icon
                as="i"
                name="mail"
                size="big"
                style={
                  Object {
                    "marginRight": 20,
                  }
                }
                tooltip="Add users to your feed"
              />
              maarit.opiskelija@helsinki.invalid
              <br />
            </TableCell>
            <TableCell
              as="td"
              textAlign="right"
              verticalAlign="bottom"
            >
              <Link
                to="/labtool/email"
              >
                <Popup
                  content="Edit email address"
                  disabled={false}
                  eventsEnabled={true}
                  offset={0}
                  on={
                    Array [
                      "click",
                      "hover",
                    ]
                  }
                  pinned={false}
                  position="top left"
                  trigger={
                    <Button
                      as="button"
                      circular={true}
                      icon={
                        Object {
                          "color": "blue",
                          "name": "edit",
                          "size": "large",
                        }
                      }
                      size="tiny"
                    />
                  }
                />
              </Link>
            </TableCell>
          </TableRow>
        </TableBody>
      </Table>
    </Container>
  </Segment>
  <br />
  <br />
  <br />
  <br />
  <Segment
    padded={true}
  >
    <Container>
      <Header
        as="h2"
        className="CoursesHeader"
      >
        My Courses (Student)
         
      </Header>
      <HorizontalScrollable>
        <Table
          as="table"
          color="yellow"
          key="grey"
          singleLine={true}
          style={
            Object {
              "overflowX": "visible",
            }
          }
        >
          <TableBody
            as="tbody"
          >
            <TableRow
              as="tr"
              cellAs="td"
              key="10011"
            >
              <TableCell
                as="td"
              >
                <Link
                  to="/labtool/courses/TKT20010.2018.K.A.1"
                >
                  Aineopintojen harjoitusty√∂: Tietorakenteet ja algoritmit (periodi IV, 2017-2018)
                </Link>
              </TableCell>
              <TableCell
                as="td"
                textAlign="right"
              >
                <Link
                  to="/labtool/courses/TKT20010.2018.K.A.1"
                >
                  <Popup
                    content="View course"
                    disabled={false}
                    eventsEnabled={true}
                    offset={0}
                    on={
                      Array [
                        "click",
                        "hover",
                      ]
                    }
                    pinned={false}
                    position="top left"
                    trigger={
                      <Button
                        as="button"
                        circular={true}
                        icon={
                          Object {
                            "color": "blue",
                            "name": "eye",
                            "size": "large",
                          }
                        }
                        size="tiny"
                      />
                    }
                  />
                </Link>
              </TableCell>
            </TableRow>
          </TableBody>
        </Table>
      </HorizontalScrollable>
      <div>
        <br />
        <Divider
          horizontal={true}
        />
        <Container>
          <Header
            as="h2"
            className="CoursesHeader"
          >
            My Courses (Teacher)
          </Header>
          <HorizontalScrollable>
            <Table
              as="table"
              color="yellow"
              key="grey"
              singleLine={true}
              style={
                Object {
                  "overflowX": "visible",
                }
              }
            >
              <TableBody
                as="tbody"
              />
            </Table>
          </HorizontalScrollable>
        </Container>
      </div>
    </Container>
  </Segment>
</div>
`;
