// Jest Snapshot v1, https://goo.gl/fbAQLP

exports[`<ReviewStudent /> ReviewStudent Component should render correctly 1`] = `undefined`;
